2026-04-15 20:54:23,784 INFO o.a.j.u.JMeterUtils: Setting Locale to en_EN
2026-04-15 20:54:23,800 INFO o.a.j.JMeter: Loading user properties from: C:\Training\PlaywrightTrainings\Jan_2026\playwright-bdd-framework\step-definitions\performance\jmeter\bin\user.properties
2026-04-15 20:54:23,801 INFO o.a.j.JMeter: Loading system properties from: C:\Training\PlaywrightTrainings\Jan_2026\playwright-bdd-framework\step-definitions\performance\jmeter\bin\system.properties
2026-04-15 20:54:23,808 INFO o.a.j.JMeter: Copyright (c) 1998-2024 The Apache Software Foundation
2026-04-15 20:54:23,809 INFO o.a.j.JMeter: Version 5.6.3
2026-04-15 20:54:23,809 INFO o.a.j.JMeter: java.version=25.0.1
2026-04-15 20:54:23,809 INFO o.a.j.JMeter: java.vm.name=Java HotSpot(TM) 64-Bit Server VM
2026-04-15 20:54:23,809 INFO o.a.j.JMeter: os.name=Windows 11
2026-04-15 20:54:23,809 INFO o.a.j.JMeter: os.arch=amd64
2026-04-15 20:54:23,809 INFO o.a.j.JMeter: os.version=10.0
2026-04-15 20:54:23,809 INFO o.a.j.JMeter: file.encoding=UTF-8
2026-04-15 20:54:23,809 INFO o.a.j.JMeter: java.awt.headless=true
2026-04-15 20:54:23,809 INFO o.a.j.JMeter: Max memory     =1073741824
2026-04-15 20:54:23,809 INFO o.a.j.JMeter: Available Processors =8
2026-04-15 20:54:23,823 INFO o.a.j.JMeter: Default Locale=English (EN)
2026-04-15 20:54:23,823 INFO o.a.j.JMeter: JMeter  Locale=English (EN)
2026-04-15 20:54:23,823 INFO o.a.j.JMeter: JMeterHome=C:\Training\PlaywrightTrainings\Jan_2026\playwright-bdd-framework\step-definitions\performance\jmeter
2026-04-15 20:54:23,823 INFO o.a.j.JMeter: user.dir  =C:\Training\PlaywrightTrainings\Jan_2026\playwright-bdd-framework
2026-04-15 20:54:23,824 INFO o.a.j.JMeter: PWD       =C:\Training\PlaywrightTrainings\Jan_2026\playwright-bdd-framework
2026-04-15 20:54:23,825 INFO o.a.j.JMeter: IP: 192.168.0.249 Name: BharathReddy FullName: BharathReddy
2026-04-15 20:54:23,835 INFO o.a.j.JMeter: Setting property 'jmeter.reportgenerator.outputdir' to:'C:\Training\PlaywrightTrainings\Jan_2026\playwright-bdd-framework\tests\load\jmeter\report-output\report_1776266648783'
2026-04-15 20:54:23,837 INFO o.a.j.r.d.ReportGenerator: ReportGenerator will use for Parsing the separator: ','
2026-04-15 20:54:23,837 INFO o.a.j.r.d.ReportGenerator: Will only generate report from results file: C:\Training\PlaywrightTrainings\Jan_2026\playwright-bdd-framework/tests/load/jmeter/results/TestResult_1776266648783.csv
2026-04-15 20:54:23,838 INFO o.a.j.r.d.ReportGenerator: Reading report generator properties from: C:\Training\PlaywrightTrainings\Jan_2026\playwright-bdd-framework\step-definitions\performance\jmeter\bin\reportgenerator.properties
2026-04-15 20:54:23,838 INFO o.a.j.r.d.ReportGenerator: Merging with JMeter properties
2026-04-15 20:54:23,840 INFO o.a.j.r.c.ReportGeneratorConfiguration: Property 'jmeter.reportgenerator.temp_dir' not found, using default value 'temp' instead.
2026-04-15 20:54:23,843 INFO o.a.j.r.c.ReportGeneratorConfiguration: Property 'jmeter.reportgenerator.apdex_per_transaction' not found, using default value 'null' instead.
2026-04-15 20:54:23,847 INFO o.a.j.r.c.ReportGeneratorConfiguration: apdex_per_transaction is empty, not APDEX per transaction customization
2026-04-15 20:54:23,847 INFO o.a.j.r.c.ReportGeneratorConfiguration: Property 'jmeter.reportgenerator.sample_filter' not found, using default value 'null' instead.
2026-04-15 20:54:23,847 INFO o.a.j.r.c.ReportGeneratorConfiguration: Property 'jmeter.reportgenerator.report_title' not found, using default value 'null' instead.
2026-04-15 20:54:23,847 INFO o.a.j.r.c.ReportGeneratorConfiguration: Property 'jmeter.reportgenerator.start_date' not found, using default value 'null' instead.
2026-04-15 20:54:23,847 INFO o.a.j.r.c.ReportGeneratorConfiguration: Property 'jmeter.reportgenerator.end_date' not found, using default value 'null' instead.
2026-04-15 20:54:23,847 INFO o.a.j.r.c.ReportGeneratorConfiguration: Property 'jmeter.reportgenerator.date_format' not found, using default value 'null' instead.
2026-04-15 20:54:23,848 INFO o.a.j.r.c.ReportGeneratorConfiguration: Will use date range start date: null, end date: null
2026-04-15 20:54:23,850 INFO o.a.j.r.c.ReportGeneratorConfiguration: Property 'jmeter.reportgenerator.graph.totalTPS.exclude_controllers' not found, using default value 'false' instead.
2026-04-15 20:54:23,850 INFO o.a.j.r.c.ReportGeneratorConfiguration: Property 'jmeter.reportgenerator.graph.activeThreadsOverTime.exclude_controllers' not found, using default value 'false' instead.
2026-04-15 20:54:23,850 INFO o.a.j.r.c.ReportGeneratorConfiguration: Property 'jmeter.reportgenerator.graph.timeVsThreads.exclude_controllers' not found, using default value 'false' instead.
2026-04-15 20:54:23,850 INFO o.a.j.r.c.ReportGeneratorConfiguration: Property 'jmeter.reportgenerator.graph.responseTimeDistribution.exclude_controllers' not found, using default value 'false' instead.
2026-04-15 20:54:23,850 INFO o.a.j.r.c.ReportGeneratorConfiguration: Property 'jmeter.reportgenerator.graph.transactionsPerSecond.exclude_controllers' not found, using default value 'false' instead.
2026-04-15 20:54:23,850 INFO o.a.j.r.c.ReportGeneratorConfiguration: Property 'jmeter.reportgenerator.graph.responseTimePercentiles.exclude_controllers' not found, using default value 'false' instead.
2026-04-15 20:54:23,850 INFO o.a.j.r.c.ReportGeneratorConfiguration: Property 'jmeter.reportgenerator.graph.responseTimePercentilesOverTime.exclude_controllers' not found, using default value 'false' instead.
2026-04-15 20:54:23,850 INFO o.a.j.r.c.ReportGeneratorConfiguration: Property 'jmeter.reportgenerator.graph.responseTimesOverTime.exclude_controllers' not found, using default value 'false' instead.
2026-04-15 20:54:23,852 INFO o.a.j.r.c.ReportGeneratorConfiguration: Property 'jmeter.reportgenerator.graph.connectTimeOverTime.exclude_controllers' not found, using default value 'false' instead.
2026-04-15 20:54:23,852 INFO o.a.j.r.c.ReportGeneratorConfiguration: Property 'jmeter.reportgenerator.graph.latenciesOverTime.exclude_controllers' not found, using default value 'false' instead.
2026-04-15 20:54:23,852 INFO o.a.j.r.c.ReportGeneratorConfiguration: Property 'jmeter.reportgenerator.exporter.json.filters_only_sample_series' not found, using default value 'true' instead.
2026-04-15 20:54:23,852 INFO o.a.j.r.c.ReportGeneratorConfiguration: Property 'jmeter.reportgenerator.exporter.json.series_filter' not found, using default value '' instead.
2026-04-15 20:54:23,852 INFO o.a.j.r.c.ReportGeneratorConfiguration: Property 'jmeter.reportgenerator.exporter.json.show_controllers_only' not found, using default value 'false' instead.
2026-04-15 20:54:23,853 INFO o.a.j.r.c.ReportGeneratorConfiguration: Property 'jmeter.reportgenerator.exporter.html.filters_only_sample_series' not found, using default value 'true' instead.
2026-04-15 20:54:23,853 INFO o.a.j.r.c.ReportGeneratorConfiguration: Property 'jmeter.reportgenerator.exporter.html.series_filter' not found, using default value '' instead.
2026-04-15 20:54:23,853 INFO o.a.j.r.c.ReportGeneratorConfiguration: Property 'jmeter.reportgenerator.exporter.html.show_controllers_only' not found, using default value 'false' instead.
2026-04-15 20:54:24,103 INFO o.a.j.s.SaveService: Testplan (JMX) version: 2.2. Testlog (JTL) version: 2.2
2026-04-15 20:54:24,119 INFO o.a.j.s.SaveService: Using SaveService properties version 5.0
2026-04-15 20:54:24,123 INFO o.a.j.s.SaveService: Using SaveService properties file encoding UTF-8
2026-04-15 20:54:24,137 INFO o.a.j.r.p.NormalizerSampleConsumer: Using format, 'ms', to parse timeStamp field
2026-04-15 20:54:24,214 INFO o.a.j.r.p.AbstractSampleConsumer: class org.apache.jmeter.report.processor.AggregateConsumer#stopProducing(): beginDate produced 0 samples
2026-04-15 20:54:24,214 INFO o.a.j.r.p.AbstractSampleConsumer: class org.apache.jmeter.report.processor.AggregateConsumer#stopProducing(): endDate produced 0 samples
2026-04-15 20:54:24,216 INFO o.a.j.r.p.AbstractSampleConsumer: class org.apache.jmeter.report.processor.ApdexSummaryConsumer#stopProducing(): apdexSummary produced 0 samples
2026-04-15 20:54:24,216 INFO o.a.j.r.p.AbstractSampleConsumer: class org.apache.jmeter.report.processor.RequestsSummaryConsumer#stopProducing(): requestsSummary produced 0 samples
2026-04-15 20:54:24,221 INFO o.a.j.r.p.AbstractSampleConsumer: class org.apache.jmeter.report.processor.StatisticsSummaryConsumer#stopProducing(): statisticsSummary produced 0 samples
2026-04-15 20:54:24,222 INFO o.a.j.r.p.AbstractSampleConsumer: class org.apache.jmeter.report.processor.Top5ErrorsBySamplerConsumer#stopProducing(): top5ErrorsBySampler produced 0 samples
2026-04-15 20:54:24,222 INFO o.a.j.r.p.AbstractSampleConsumer: class org.apache.jmeter.report.processor.ErrorsSummaryConsumer#stopProducing(): errorsSummary produced 0 samples
2026-04-15 20:54:24,222 INFO o.a.j.r.p.AbstractSampleConsumer: class org.apache.jmeter.report.processor.graph.impl.HitsPerSecondGraphConsumer#stopProducing(): hitsPerSecond produced 0 samples
2026-04-15 20:54:24,240 INFO o.a.j.r.p.AbstractSampleConsumer: class org.apache.jmeter.report.processor.graph.impl.LatencyVSRequestGraphConsumer#stopProducing(): latencyVsRequest produced 0 samples
2026-04-15 20:54:24,240 INFO o.a.j.r.p.AbstractSampleConsumer: class org.apache.jmeter.report.processor.graph.impl.SyntheticResponseTimeDistributionGraphConsumer#stopProducing(): syntheticResponseTimeDistribution produced 0 samples
2026-04-15 20:54:24,240 INFO o.a.j.r.p.AbstractSampleConsumer: class org.apache.jmeter.report.processor.graph.impl.BytesThroughputGraphConsumer#stopProducing(): bytesThroughputOverTime produced 0 samples
2026-04-15 20:54:24,240 INFO o.a.j.r.p.AbstractSampleConsumer: class org.apache.jmeter.report.processor.graph.impl.CodesPerSecondGraphConsumer#stopProducing(): codesPerSecond produced 0 samples
2026-04-15 20:54:24,246 INFO o.a.j.r.p.AbstractSampleConsumer: class org.apache.jmeter.report.processor.graph.impl.ResponseTimeVSRequestGraphConsumer#stopProducing(): responseTimeVsRequest produced 0 samples
2026-04-15 20:54:24,247 INFO o.a.j.r.p.AbstractSampleConsumer: class org.apache.jmeter.report.processor.FilterConsumer#stopProducing(): startIntervalControlerFilter produced 1400 samples
2026-04-15 20:54:24,247 INFO o.a.j.r.p.AbstractSampleConsumer: class org.apache.jmeter.report.processor.graph.impl.TotalTPSGraphConsumer#stopProducing(): totalTPS produced 0 samples
2026-04-15 20:54:24,247 INFO o.a.j.r.p.AbstractSampleConsumer: class org.apache.jmeter.report.processor.graph.impl.ActiveThreadsGraphConsumer#stopProducing(): activeThreadsOverTime produced 0 samples
2026-04-15 20:54:24,247 INFO o.a.j.r.p.AbstractSampleConsumer: class org.apache.jmeter.report.processor.graph.impl.TimeVSThreadGraphConsumer#stopProducing(): timeVsThreads produced 0 samples
2026-04-15 20:54:24,247 INFO o.a.j.r.p.AbstractSampleConsumer: class org.apache.jmeter.report.processor.graph.impl.ResponseTimeDistributionGraphConsumer#stopProducing(): responseTimeDistribution produced 0 samples
2026-04-15 20:54:24,248 INFO o.a.j.r.p.AbstractSampleConsumer: class org.apache.jmeter.report.processor.graph.impl.TransactionsPerSecondGraphConsumer#stopProducing(): transactionsPerSecond produced 0 samples
2026-04-15 20:54:24,248 INFO o.a.j.r.p.AbstractSampleConsumer: class org.apache.jmeter.report.processor.graph.impl.ResponseTimePercentilesGraphConsumer#stopProducing(): responseTimePercentiles produced 0 samples
2026-04-15 20:54:24,249 INFO o.a.j.r.p.AbstractSampleConsumer: class org.apache.jmeter.report.processor.graph.impl.ResponseTimePercentilesOverTimeGraphConsumer#stopProducing(): responseTimePercentilesOverTime produced 0 samples
2026-04-15 20:54:24,250 INFO o.a.j.r.p.AbstractSampleConsumer: class org.apache.jmeter.report.processor.graph.impl.ResponseTimeOverTimeGraphConsumer#stopProducing(): responseTimesOverTime produced 0 samples
2026-04-15 20:54:24,250 INFO o.a.j.r.p.AbstractSampleConsumer: class org.apache.jmeter.report.processor.graph.impl.ConnectTimeOverTimeGraphConsumer#stopProducing(): connectTimeOverTime produced 0 samples
2026-04-15 20:54:24,250 INFO o.a.j.r.p.AbstractSampleConsumer: class org.apache.jmeter.report.processor.graph.impl.LatencyOverTimeGraphConsumer#stopProducing(): latenciesOverTime produced 0 samples
2026-04-15 20:54:24,251 INFO o.a.j.r.p.AbstractSampleConsumer: class org.apache.jmeter.report.processor.FilterConsumer#stopProducing(): nameFilter produced 3000 samples
2026-04-15 20:54:24,251 INFO o.a.j.r.p.AbstractSampleConsumer: class org.apache.jmeter.report.processor.FilterConsumer#stopProducing(): dateRangeFilter produced 600 samples
2026-04-15 20:54:24,251 INFO o.a.j.r.p.AbstractSampleConsumer: class org.apache.jmeter.report.processor.NormalizerSampleConsumer#stopProducing(): normalizer produced 200 samples
2026-04-15 20:54:24,252 INFO o.a.j.r.p.CsvFileSampleSource: produce(): 200 samples produced in 97ms on channel 0
2026-04-15 20:54:24,252 INFO o.a.j.r.d.ReportGenerator: Exporting data using exporter:'json' of className:'org.apache.jmeter.report.dashboard.JsonExporter'
2026-04-15 20:54:24,377 INFO o.a.j.r.d.JsonExporter: Found data for consumer statisticsSummary in context
2026-04-15 20:54:24,377 INFO o.a.j.r.d.JsonExporter: Creating statistics for overall
2026-04-15 20:54:24,377 INFO o.a.j.r.d.JsonExporter: Creating statistics for other transactions
2026-04-15 20:54:24,377 INFO o.a.j.r.d.JsonExporter: Checking output folder
2026-04-15 20:54:24,377 INFO o.a.j.r.d.JsonExporter: Writing statistics JSON to C:\Training\PlaywrightTrainings\Jan_2026\playwright-bdd-framework\tests\load\jmeter\report-output\report_1776266648783\statistics.json
2026-04-15 20:54:24,414 INFO o.a.j.r.d.ReportGenerator: Exporting data using exporter:'html' of className:'org.apache.jmeter.report.dashboard.HtmlTemplateExporter'
2026-04-15 20:54:24,417 INFO o.a.j.r.d.HtmlTemplateExporter: Will generate dashboard in folder: C:\Training\PlaywrightTrainings\Jan_2026\playwright-bdd-framework\tests\load\jmeter\report-output\report_1776266648783
2026-04-15 20:54:24,529 INFO o.a.j.r.d.HtmlTemplateExporter: Report will be generated in: C:\Training\PlaywrightTrainings\Jan_2026\playwright-bdd-framework\tests\load\jmeter\report-output\report_1776266648783, creating folder structure
2026-04-15 20:54:24,531 INFO o.a.j.r.d.TemplateVisitor: Copying folder from 'C:\Training\PlaywrightTrainings\Jan_2026\playwright-bdd-framework\step-definitions\performance\jmeter\bin\report-template' to 'C:\Training\PlaywrightTrainings\Jan_2026\playwright-bdd-framework\tests\load\jmeter\report-output\report_1776266648783', got message: C:\Training\PlaywrightTrainings\Jan_2026\playwright-bdd-framework\tests\load\jmeter\report-output\report_1776266648783, found non empty folder with following content [C:\Training\PlaywrightTrainings\Jan_2026\playwright-bdd-framework\tests\load\jmeter\report-output\report_1776266648783\statistics.json], will be ignored
